success
(check-sat x)
           ^
(error "A check-sat command takes no arguments")
